
> ezekiel-dashboard@1.0.0 build
> vite build

[36mvite v6.4.1 [32mbuilding SSR bundle for production...[36m[39m
transforming...
[32m✓[39m 206 modules transformed.
rendering chunks...
[36mvite v6.4.1 [32mbuilding for production...[36m[39m
transforming...
[32m✓[39m 481 modules transformed.
rendering chunks...
computing gzip size...
[2m.svelte-kit/output/client/[22m[32m_app/version.json                       [39m[1m[2m  0.03 kB[22m[1m[22m[2m │ gzip:  0.05 kB[22m
[2m.svelte-kit/output/client/[22m[32m.vite/manifest.json                     [39m[1m[2m  7.44 kB[22m[1m[22m[2m │ gzip:  1.03 kB[22m
[2m.svelte-kit/output/client/[22m[35m_app/immutable/assets/3.BSfPcw4y.css    [39m[1m[2m  0.41 kB[22m[1m[22m[2m │ gzip:  0.25 kB[22m
[2m.svelte-kit/output/client/[22m[35m_app/immutable/assets/4.BGfdSa60.css    [39m[1m[2m  1.99 kB[22m[1m[22m[2m │ gzip:  0.70 kB[22m
[2m.svelte-kit/output/client/[22m[35m_app/immutable/assets/2.BvkilN40.css    [39m[1m[2m  2.00 kB[22m[1m[22m[2m │ gzip:  0.66 kB[22m
[2m.svelte-kit/output/client/[22m[35m_app/immutable/assets/6.vHkV27dO.css    [39m[1m[2m  4.44 kB[22m[1m[22m[2m │ gzip:  1.23 kB[22m
[2m.svelte-kit/output/client/[22m[35m_app/immutable/assets/5.COtYNA21.css    [39m[1m[2m  4.47 kB[22m[1m[22m[2m │ gzip:  1.12 kB[22m
[2m.svelte-kit/output/client/[22m[35m_app/immutable/assets/0.BnJcmaGc.css    [39m[1m[2m  5.33 kB[22m[1m[22m[2m │ gzip:  1.58 kB[22m
[2m.svelte-kit/output/client/[22m[35m_app/immutable/assets/7.DmDy3EHR.css    [39m[1m[2m  6.31 kB[22m[1m[22m[2m │ gzip:  1.54 kB[22m
[2m.svelte-kit/output/client/[22m[36m_app/immutable/entry/start.DaJsj8Xo.js  [39m[1m[2m  0.12 kB[22m[1m[22m[2m │ gzip:  0.11 kB[22m
[2m.svelte-kit/output/client/[22m[36m_app/immutable/chunks/wSyBVkdl.js       [39m[1m[2m  0.26 kB[22m[1m[22m[2m │ gzip:  0.20 kB[22m
[2m.svelte-kit/output/client/[22m[36m_app/immutable/chunks/Do0osC_V.js       [39m[1m[2m  0.31 kB[22m[1m[22m[2m │ gzip:  0.23 kB[22m
[2m.svelte-kit/output/client/[22m[36m_app/immutable/chunks/f4GhDbNH.js       [39m[1m[2m  0.53 kB[22m[1m[22m[2m │ gzip:  0.34 kB[22m
[2m.svelte-kit/output/client/[22m[36m_app/immutable/nodes/1.DcRqsCgo.js      [39m[1m[2m  0.59 kB[22m[1m[22m[2m │ gzip:  0.37 kB[22m
[2m.svelte-kit/output/client/[22m[36m_app/immutable/chunks/DMz4vS-x.js       [39m[1m[2m  0.63 kB[22m[1m[22m[2m │ gzip:  0.39 kB[22m
[2m.svelte-kit/output/client/[22m[36m_app/immutable/chunks/bMJ7p22m.js       [39m[1m[2m  0.64 kB[22m[1m[22m[2m │ gzip:  0.40 kB[22m
[2m.svelte-kit/output/client/[22m[36m_app/immutable/chunks/DAnulLOO.js       [39m[1m[2m  0.96 kB[22m[1m[22m[2m │ gzip:  0.57 kB[22m
[2m.svelte-kit/output/client/[22m[36m_app/immutable/chunks/BFEn_lW4.js       [39m[1m[2m  0.96 kB[22m[1m[22m[2m │ gzip:  0.56 kB[22m
[2m.svelte-kit/output/client/[22m[36m_app/immutable/chunks/DvjmgNqO.js       [39m[1m[2m  1.09 kB[22m[1m[22m[2m │ gzip:  0.63 kB[22m
[2m.svelte-kit/output/client/[22m[36m_app/immutable/chunks/wdui_H4F.js       [39m[1m[2m  2.60 kB[22m[1m[22m[2m │ gzip:  1.20 kB[22m
[2m.svelte-kit/output/client/[22m[36m_app/immutable/nodes/0.DFmG0Xx1.js      [39m[1m[2m  3.34 kB[22m[1m[22m[2m │ gzip:  1.50 kB[22m
[2m.svelte-kit/output/client/[22m[36m_app/immutable/nodes/3.BSxPN6hp.js      [39m[1m[2m  3.72 kB[22m[1m[22m[2m │ gzip:  1.85 kB[22m
[2m.svelte-kit/output/client/[22m[36m_app/immutable/chunks/CGZlMCEI.js       [39m[1m[2m  6.52 kB[22m[1m[22m[2m │ gzip:  2.95 kB[22m
[2m.svelte-kit/output/client/[22m[36m_app/immutable/entry/app.MuHbckRW.js    [39m[1m[2m  7.32 kB[22m[1m[22m[2m │ gzip:  3.21 kB[22m
[2m.svelte-kit/output/client/[22m[36m_app/immutable/chunks/DyKMR95_.js       [39m[1m[2m  9.70 kB[22m[1m[22m[2m │ gzip:  4.10 kB[22m
[2m.svelte-kit/output/client/[22m[36m_app/immutable/chunks/DVgbbvOx.js       [39m[1m[2m 10.20 kB[22m[1m[22m[2m │ gzip:  4.52 kB[22m
[2m.svelte-kit/output/client/[22m[36m_app/immutable/nodes/4.BqQecGk-.js      [39m[1m[2m 13.71 kB[22m[1m[22m[2m │ gzip:  4.63 kB[22m
[2m.svelte-kit/output/client/[22m[36m_app/immutable/nodes/5.D8QVVX8Z.js      [39m[1m[2m 17.96 kB[22m[1m[22m[2m │ gzip:  6.36 kB[22m
[2m.svelte-kit/output/client/[22m[36m_app/immutable/nodes/6.CprEIRfw.js      [39m[1m[2m 21.19 kB[22m[1m[22m[2m │ gzip:  6.94 kB[22m
[2m.svelte-kit/output/client/[22m[36m_app/immutable/chunks/BS-OYhl1.js       [39m[1m[2m 21.35 kB[22m[1m[22m[2m │ gzip:  8.36 kB[22m
[2m.svelte-kit/output/client/[22m[36m_app/immutable/chunks/iTWgcCXh.js       [39m[1m[2m 25.08 kB[22m[1m[22m[2m │ gzip:  9.83 kB[22m
[2m.svelte-kit/output/client/[22m[36m_app/immutable/nodes/7.C-LE0iZF.js      [39m[1m[2m 29.12 kB[22m[1m[22m[2m │ gzip:  9.49 kB[22m
[2m.svelte-kit/output/client/[22m[36m_app/immutable/nodes/2.wIr6qahE.js      [39m[1m[2m 71.42 kB[22m[1m[22m[2m │ gzip: 18.42 kB[22m
[2m.svelte-kit/output/client/[22m[36m_app/immutable/chunks/BhZaBuTh.js       [39m[1m[2m207.45 kB[22m[1m[22m[2m │ gzip: 71.22 kB[22m
[32m✓ built in 19.48s[39m
[2m.svelte-kit/output/server/[22m[32m.vite/manifest.json                         [39m[1m[2m  5.44 kB[22m[1m[22m
[2m.svelte-kit/output/server/[22m[35m_app/immutable/assets/_page.BSfPcw4y.css    [39m[1m[2m  0.41 kB[22m[1m[22m
[2m.svelte-kit/output/server/[22m[35m_app/immutable/assets/_page.DAovHwHb.css    [39m[1m[2m  1.98 kB[22m[1m[22m
[2m.svelte-kit/output/server/[22m[35m_app/immutable/assets/_page.BGfdSa60.css    [39m[1m[2m  1.99 kB[22m[1m[22m
[2m.svelte-kit/output/server/[22m[35m_app/immutable/assets/_page.vHkV27dO.css    [39m[1m[2m  4.44 kB[22m[1m[22m
[2m.svelte-kit/output/server/[22m[35m_app/immutable/assets/_page.COtYNA21.css    [39m[1m[2m  4.47 kB[22m[1m[22m
[2m.svelte-kit/output/server/[22m[35m_app/immutable/assets/_layout.BnJcmaGc.css  [39m[1m[2m  5.33 kB[22m[1m[22m
[2m.svelte-kit/output/server/[22m[35m_app/immutable/assets/_page.DmDy3EHR.css    [39m[1m[2m  6.31 kB[22m[1m[22m
[2m.svelte-kit/output/server/[22m[36mchunks/false.js                             [39m[1m[2m  0.05 kB[22m[1m[22m
[2m.svelte-kit/output/server/[22m[36mentries/pages/_layout.js                    [39m[1m[2m  0.07 kB[22m[1m[22m
[2m.svelte-kit/output/server/[22m[36mchunks/environment.js                       [39m[1m[2m  0.19 kB[22m[1m[22m
[2m.svelte-kit/output/server/[22m[36minternal.js                                 [39m[1m[2m  0.40 kB[22m[1m[22m
[2m.svelte-kit/output/server/[22m[36mchunks/state.svelte.js                      [39m[1m[2m  0.42 kB[22m[1m[22m
[2m.svelte-kit/output/server/[22m[36mchunks/server.js                            [39m[1m[2m  0.46 kB[22m[1m[22m
[2m.svelte-kit/output/server/[22m[36mentries/pages/fingerprint/_page.svelte.js   [39m[1m[2m  0.57 kB[22m[1m[22m
[2m.svelte-kit/output/server/[22m[36mentries/pages/scanner/_page.svelte.js       [39m[1m[2m  0.72 kB[22m[1m[22m
[2m.svelte-kit/output/server/[22m[36mentries/pages/recovery/_page.svelte.js      [39m[1m[2m  0.73 kB[22m[1m[22m
[2m.svelte-kit/output/server/[22m[36mentries/pages/_page.svelte.js               [39m[1m[2m  0.89 kB[22m[1m[22m
[2m.svelte-kit/output/server/[22m[36mchunks/utils.js                             [39m[1m[2m  1.15 kB[22m[1m[22m
[2m.svelte-kit/output/server/[22m[36mentries/fallbacks/error.svelte.js           [39m[1m[2m  1.15 kB[22m[1m[22m
[2m.svelte-kit/output/server/[22m[36mchunks/Addr.js                              [39m[1m[2m  1.26 kB[22m[1m[22m
[2m.svelte-kit/output/server/[22m[36mchunks/api.js                               [39m[1m[2m  1.28 kB[22m[1m[22m
[2m.svelte-kit/output/server/[22m[36mentries/pages/fills/_page.svelte.js         [39m[1m[2m  1.36 kB[22m[1m[22m
[2m.svelte-kit/output/server/[22m[36mchunks/index.js                             [39m[1m[2m  1.43 kB[22m[1m[22m
[2m.svelte-kit/output/server/[22m[36mentries/pages/transfers/_page.svelte.js     [39m[1m[2m  1.66 kB[22m[1m[22m
[2m.svelte-kit/output/server/[22m[36mchunks/exports.js                           [39m[1m[2m  2.39 kB[22m[1m[22m
[2m.svelte-kit/output/server/[22m[36mchunks/url.js                               [39m[1m[2m  3.16 kB[22m[1m[22m
[2m.svelte-kit/output/server/[22m[36mchunks/internal.js                          [39m[1m[2m  3.28 kB[22m[1m[22m
[2m.svelte-kit/output/server/[22m[36mentries/pages/_layout.svelte.js             [39m[1m[2m  3.95 kB[22m[1m[22m
[2m.svelte-kit/output/server/[22m[36mremote-entry.js                             [39m[1m[2m 19.04 kB[22m[1m[22m
[2m.svelte-kit/output/server/[22m[36mchunks/shared.js                            [39m[1m[2m 26.42 kB[22m[1m[22m
[2m.svelte-kit/output/server/[22m[36mchunks/root.js                              [39m[1m[2m 27.99 kB[22m[1m[22m
[2m.svelte-kit/output/server/[22m[36mchunks/index2.js                            [39m[1m[2m 88.77 kB[22m[1m[22m
[2m.svelte-kit/output/server/[22m[36mindex.js                                    [39m[1m[2m123.14 kB[22m[1m[22m
[32m✓ built in 54.37s[39m

Run npm run preview to preview your production build locally.

> Using @sveltejs/adapter-static
Overwriting build\index.html with fallback page. Consider using a different name for the fallback.
  Wrote site to "build"
  ✔ done
